../hal_stm_lvgl/tft/tft.c:115:6:monitor_cb	24	static
../hal_stm_lvgl/tft/tft.c:123:6:tft_init	8	static
../hal_stm_lvgl/tft/tft.c:158:13:tft_flush	48	static
../hal_stm_lvgl/tft/tft.c:192:13:LCD_Config	64	static
../hal_stm_lvgl/tft/tft.c:300:6:LTDC_IRQHandler	8	static
../hal_stm_lvgl/tft/tft.c:314:6:HAL_LTDC_MspInit	64	static
../hal_stm_lvgl/tft/tft.c:403:6:HAL_LTDC_MspDeInit	16	static
../hal_stm_lvgl/tft/tft.c:438:13:SDRAM_Init	8	static
../hal_stm_lvgl/tft/tft.c:488:13:SDRAM_Initialization_Sequence	24	static
../hal_stm_lvgl/tft/tft.c:551:6:HAL_SDRAM_MspInit	64	static
../hal_stm_lvgl/tft/tft.c:639:6:HAL_SDRAM_MspDeInit	16	static
../hal_stm_lvgl/tft/tft.c:681:13:DMA_Config	16	static
../hal_stm_lvgl/tft/tft.c:724:13:DMA_TransferComplete	16	static
../hal_stm_lvgl/tft/tft.c:749:13:DMA_TransferError	16	static
../hal_stm_lvgl/tft/tft.c:761:6:DMA2_Stream0_IRQHandler	8	static
../hal_stm_lvgl/tft/tft.c:773:13:Error_Handler	4	static
